// Jest Snapshot v1, https://goo.gl/fbAQLP

exports[`renders without crashing 1`] = `
<div>
  <Card
    email="rian@rnt.io"
    id={1}
    key="0"
    name="Rianto RNT"
  />
</div>
`;
